{
    "wallTime": 8,
    "cpuTime": 8,
    "truncated": false,
    "executionModel": "stateless",
    "outcome": "ok",
    "scriptVersion": {
        "id": "686449d7-e7d2-4b73-bf76-1cf14600ebb0"
    },
    "scriptName": "kingchinesebowl",
    "diagnosticsChannelEvents": [],
    "exceptions": [],
    "logs": [
        {
            "errorInfo": [
                null,
                {
                    "name": "TypeError",
                    "message": "Cannot read properties of undefined (reading 'default')",
                    "stack": "    at interopDefault (worker.js:17443:21)\n    at loadComponentsImpl (worker.js:101405:136)\n    at async NextNodeServer.findPageComponentsImpl (worker.js:111873:30)"
                }
            ],
            "message": [
                "⨯",
                "TypeError: Cannot read properties of undefined (reading 'default')"
            ],
            "level": "error",
            "timestamp": 1791053902451
        }
    ],
    "eventTimestamp": 1791053902449,
    "event": {
        "request": {
            "url": "https://kingchinesebowl.kingchinesebowl.workers.dev/api/image?src=https://images.unsplash.com/photo-1552611052-33e04de081de&w=800&q=75",
            "method": "GET",
            "headers": {
                "accept": "*/*",
                "accept-encoding": "gzip, br",
                "cf-connecting-ip": "223.188.153.224",
                "cf-ipcountry": "IN",
                "cf-ray": "a44e2d8a3f0611a9",
                "cf-visitor": "{\"scheme\":\"https\"}",
                "connection": "Keep-Alive",
                "host": "kingchinesebowl.kingchinesebowl.workers.dev",
                "user-agent": "curl/8.7.1",
                "x-forwarded-proto": "https",
                "x-real-ip": "223.188.153.224"
            },
            "cf": {
                "httpProtocol": "HTTP/2",
                "requestPriority": "weight=16;exclusive=0;group=0;group-weight=0",
                "edgeRequestKeepAliveStatus": 1,
                "requestHeaderNames": [
                    ":method",
                    ":scheme",
                    ":authority",
                    ":path",
                    "user-agent",
                    "accept"
                ],
                "clientTcpRtt": 235,
                "clientQuicRtt": 0,
                "colo": "MRS",
                "asn": 45609,
                "asOrganization": "K 21, Malviya Marg, C Scheme, Jaipur - 302001",
                "country": "IN",
                "isEUCountry": false,
                "city": "Ludhiana",
                "continent": "AS",
                "region": "Punjab",
                "regionCode": "PB",
                "timezone": "Asia/Kolkata",
                "longitude": "75.85379",
                "latitude": "30.91204",
                "postalCode": "141120",
                "tlsVersion": "TLSv1.3",
                "tlsCipher": "AEAD-CHACHA20-POLY1305-SHA256",
                "tlsClientRandom": "KkYd3oKE8DzUABQuZjXGRB7+/qNrcJT4WIaWk2Aiz7o=",
                "tlsClientCiphersSha1": "eDGmD1H99AwNYzOR+7eoGLo6eLU=",
                "tlsClientExtensionsSha1": "Ub+nUmIm1U57hdNSUph0R+kx9Gc=",
                "tlsClientExtensionsSha1Le": "NMNf2YIpLBhtroOEBooGFi+jtJ8=",
                "tlsExportedAuthenticator": {
                    "clientHandshake": "5822d5c6604f24a47250ae23eddfc3aae3c4bf2e1ea8a5b37a39d85f445094a3",
                    "serverHandshake": "f33463c4bbaa4ada5f733e391163874fe0416c943404ffcaf585f196a5f6873c",
                    "clientFinished": "c30d556d3524830c0edf36918756f0855e2bd814c9c4d8eefc0e3ad95c4882b9",
                    "serverFinished": "df8435333bcaf61c9df9a8f4203f89c2341ebfdf81eebaa9d25cabb7f3b6c08c"
                },
                "tlsClientHelloLength": "344",
                "tlsClientAuth": {
                    "certPresented": "0",
                    "certVerified": "NONE",
                    "certRevoked": "0",
                    "certIssuerDN": "",
                    "certSubjectDN": "",
                    "certIssuerDNRFC2253": "",
                    "certSubjectDNRFC2253": "",
                    "certIssuerDNLegacy": "",
                    "certSubjectDNLegacy": "",
                    "certSerial": "",
                    "certIssuerSerial": "",
                    "certSKI": "",
                    "certIssuerSKI": "",
                    "certFingerprintSHA1": "",
                    "certFingerprintSHA256": "",
                    "certNotBefore": "",
                    "certNotAfter": "",
                    "certRFC9440": "",
                    "certRFC9440TooLarge": false,
                    "certChainRFC9440": "",
                    "certChainRFC9440TooLarge": false
                },
                "verifiedBotCategory": "",
                "edgeL4": {
                    "deliveryRate": 22235
                }
            }
        },
        "response": {
            "status": 500
        }
    }
}
